took %d ns
 265.54µs
took %d ns
 663.861µs
took %d ns
 613.454µs
took %d ns
 603.52µs
took %d ns
 636.151µs
took %d ns
 1.003586ms
took %d ns
 679.483µs
took %d ns
 486.095µs
took %d ns
 579.388µs
took %d ns
 585.357µs
took %d ns
 582.746µs
took %d ns
 632.608µs
took %d ns
 611.497µs
took %d ns
 656.452µs
took %d ns
 616.423µs
took %d ns
 819.01µs
took %d ns
 704.289µs
took %d ns
 798.656µs
took %d ns
 675.731µs
took %d ns
 584.213µs
took %d ns
 642.983µs
took %d ns
 635.334µs
took %d ns
 606.82µs
took %d ns
 665.357µs
took %d ns
 615.722µs
took %d ns
 638.623µs
took %d ns
 591.929µs
took %d ns
 668.086µs
took %d ns
 624.498µs
took %d ns
 625.926µs
took %d ns
 584.482µs
took %d ns
 618.934µs
took %d ns
 1.99011ms
took %d ns
 671.289µs
took %d ns
 619.117µs
took %d ns
 614.909µs
took %d ns
 620.323µs
took %d ns
 626.061µs
took %d ns
 643.891µs
took %d ns
 615.426µs
took %d ns
 627.646µs
took %d ns
 653.598µs
took %d ns
 630.534µs
took %d ns
 611.861µs
took %d ns
 620.395µs
took %d ns
 697.903µs
took %d ns
 699.471µs
took %d ns
 619.728µs
took %d ns
 761.405µs
took %d ns
 687.498µs
took %d ns
 592.177µs
took %d ns
 628.251µs
took %d ns
 609.773µs
took %d ns
 694.792µs
took %d ns
 613.802µs
took %d ns
 767.792µs
took %d ns
 662.435µs
took %d ns
 365.49µs
took %d ns
 321.434µs
took %d ns
 375.286µs
took %d ns
 483.443µs
took %d ns
 641.12µs
took %d ns
 605.347µs
took %d ns
 610.688µs
took %d ns
 629.045µs
took %d ns
 730.693µs
took %d ns
 613.581µs
took %d ns
 939.265µs
took %d ns
 612.205µs
took %d ns
 615.874µs
took %d ns
 608.288µs
took %d ns
 645.784µs
took %d ns
 754.16µs
took %d ns
 721.08µs
took %d ns
 705.068µs
took %d ns
 612.494µs
took %d ns
 585.192µs
took %d ns
 874.388µs
took %d ns
 651.371µs
took %d ns
 629.106µs
took %d ns
 600.197µs
took %d ns
 793.343µs
took %d ns
 696.919µs
took %d ns
 746.554µs
took %d ns
 790.837µs
took %d ns
 611.248µs
took %d ns
 620.874µs
took %d ns
 627.56µs
took %d ns
 695.66µs
took %d ns
 597.212µs
took %d ns
 1.234992ms
took %d ns
 692.166µs
took %d ns
 660.843µs
took %d ns
 562.941µs
took %d ns
 622.889µs
took %d ns
 585.738µs
took %d ns
 410.645µs
took %d ns
 636.657µs
took %d ns
 895.902µs
took %d ns
 642.683µs
took %d ns
 583.095µs
took %d ns
 842.72µs
took %d ns
 647.077µs
took %d ns
 604.868µs
took %d ns
 696.069µs
took %d ns
 829.108µs
took %d ns
 586.397µs
took %d ns
 930.243µs
took %d ns
 588.103µs
took %d ns
 797.297µs
took %d ns
 807.915µs
took %d ns
 632.02µs
took %d ns
 622.857µs
took %d ns
 645.806µs
took %d ns
 626.317µs
took %d ns
 622.196µs
took %d ns
 802.04µs
took %d ns
 645.589µs
took %d ns
 978.454µs
took %d ns
 858.103µs
took %d ns
 701.331µs
took %d ns
 702.766µs
took %d ns
 578.628µs
took %d ns
 586.52µs
took %d ns
 720.07µs
took %d ns
 636.737µs
took %d ns
 615.657µs
took %d ns
 708.018µs
took %d ns
 609.068µs
took %d ns
 706.08µs
took %d ns
 761.707µs
took %d ns
 587.451µs
took %d ns
 613.309µs
took %d ns
 709.248µs
took %d ns
 842.584µs
took %d ns
 694.891µs
took %d ns
 600.294µs
took %d ns
 667.661µs
took %d ns
 794.446µs
took %d ns
 600.928µs
took %d ns
 620.317µs
took %d ns
 617.475µs
took %d ns
 603.783µs
took %d ns
 629.242µs
took %d ns
 594.712µs
took %d ns
 601.328µs
took %d ns
 666.386µs
took %d ns
 693.882µs
took %d ns
 589.198µs
took %d ns
 619.192µs
took %d ns
 608.32µs
took %d ns
 592.04µs
took %d ns
 603.788µs
took %d ns
 626.574µs
took %d ns
 588.22µs
took %d ns
 580.102µs
took %d ns
 588.381µs
took %d ns
 609.741µs
took %d ns
 1.047883ms
took %d ns
 680.978µs
took %d ns
 620.688µs
took %d ns
 625.993µs
took %d ns
 612.426µs
took %d ns
 659.966µs
took %d ns
 631.192µs
took %d ns
 608.582µs
took %d ns
 778.065µs
took %d ns
 834.407µs
took %d ns
 1.256463ms
took %d ns
 644.303µs
took %d ns
 616.706µs
took %d ns
 633.224µs
took %d ns
 586.378µs
took %d ns
 658.052µs
took %d ns
 609.346µs
took %d ns
 716.36µs
took %d ns
 674.987µs
took %d ns
 801.755µs
took %d ns
 698.5µs
took %d ns
 629.869µs
took %d ns
 991.623µs
took %d ns
 788.16µs
took %d ns
 738.138µs
took %d ns
 675.964µs
took %d ns
 650.669µs
took %d ns
 780.772µs
took %d ns
 644.852µs
took %d ns
 673.565µs
took %d ns
 626.22µs
took %d ns
 642.952µs
took %d ns
 631.84µs
took %d ns
 586.251µs
took %d ns
 594.688µs
took %d ns
 715.96µs
took %d ns
 644.832µs
took %d ns
 654.933µs
took %d ns
 595.306µs
took %d ns
 601.011µs
took %d ns
 591.611µs
took %d ns
 653.997µs
took %d ns
 589.424µs
took %d ns
 658.738µs
took %d ns
 597.751µs
took %d ns
 778.146µs
took %d ns
 663.66µs
took %d ns
 648.36µs
took %d ns
 698.4µs
took %d ns
 603.883µs
took %d ns
 617.749µs
took %d ns
 756.518µs
took %d ns
 658.76µs
took %d ns
 507.83µs
took %d ns
 748.794µs
took %d ns
 600.814µs
took %d ns
 698.615µs
took %d ns
 582.265µs
took %d ns
 607.205µs
took %d ns
 698.655µs
took %d ns
 730.224µs
took %d ns
 564.155µs
took %d ns
 698.851µs
took %d ns
 824.846µs
took %d ns
 635.825µs
took %d ns
 621.34µs
took %d ns
 698.81µs
took %d ns
 789.232µs
took %d ns
 654.232µs
took %d ns
 599.934µs
took %d ns
 582.312µs
took %d ns
 598.696µs
took %d ns
 580.966µs
took %d ns
 914.849µs
took %d ns
 1.022978ms
took %d ns
 689.611µs
took %d ns
 585.786µs
took %d ns
 592.755µs
took %d ns
 625.368µs
took %d ns
 723.903µs
took %d ns
 742.192µs
took %d ns
 879.725µs
took %d ns
 616.297µs
took %d ns
 645.537µs
took %d ns
 723.763µs
took %d ns
 618.729µs
took %d ns
 634.806µs
took %d ns
 694.86µs
took %d ns
 590.175µs
took %d ns
 587.44µs
took %d ns
 582.565µs
took %d ns
 605.139µs
took %d ns
 673.863µs
took %d ns
 614.779µs
took %d ns
 660.425µs
took %d ns
 724.125µs
took %d ns
 637.035µs
took %d ns
 830.554µs
took %d ns
 615.557µs
took %d ns
 856.281µs
took %d ns
 663.823µs
took %d ns
 550.12µs
took %d ns
 610.22µs
took %d ns
 616.56µs
took %d ns
 764.2µs
took %d ns
 700.724µs
took %d ns
 649.837µs
took %d ns
 698.54µs
took %d ns
 679.254µs
took %d ns
 626.553µs
took %d ns
 879.763µs
took %d ns
 600.34µs
took %d ns
 677.654µs
took %d ns
 599.462µs
took %d ns
 581.834µs
took %d ns
 708.015µs
took %d ns
 616.466µs
took %d ns
 595.058µs
took %d ns
 822.72µs
took %d ns
 663.68µs
took %d ns
 719.133µs
took %d ns
 583.52µs
took %d ns
 666.577µs
took %d ns
 591.682µs
took %d ns
 587.755µs
took %d ns
 783.983µs
took %d ns
 592.423µs
took %d ns
 633.67µs
took %d ns
 650.397µs
took %d ns
 614.382µs
took %d ns
 650.725µs
took %d ns
 621.504µs
took %d ns
 617.491µs
took %d ns
 839.08µs
took %d ns
 826.225µs
took %d ns
 619.051µs
took %d ns
 583µs
took %d ns
 677.423µs
took %d ns
 621.77µs
took %d ns
 907.395µs
took %d ns
 604.607µs
took %d ns
 602.843µs
took %d ns
 640.146µs
took %d ns
 707.966µs
took %d ns
 604.775µs
took %d ns
 657.277µs
took %d ns
 859.314µs
took %d ns
 649.571µs
took %d ns
 658.454µs
took %d ns
 616.357µs
took %d ns
 626.737µs
took %d ns
 683.017µs
took %d ns
 621.343µs
took %d ns
 592.343µs
took %d ns
 608.014µs
took %d ns
 628.485µs
took %d ns
 665.755µs
took %d ns
 606.932µs
took %d ns
 709.698µs
took %d ns
 590.009µs
took %d ns
 627.673µs
took %d ns
 656.416µs
took %d ns
 623.416µs
took %d ns
 764.397µs
took %d ns
 644.923µs
took %d ns
 585.298µs
took %d ns
 701.89µs
took %d ns
 811.788µs
took %d ns
 628.356µs
took %d ns
 627.813µs
took %d ns
 604.3µs
took %d ns
 647.96µs
took %d ns
 699.493µs
took %d ns
 600.62µs
took %d ns
 776.243µs
took %d ns
 818.116µs
took %d ns
 743.989µs
took %d ns
 622.053µs
took %d ns
 624.108µs
took %d ns
 601.266µs
took %d ns
 674.943µs
took %d ns
 717.174µs
took %d ns
 613.486µs
took %d ns
 669.033µs
took %d ns
 862.501µs
took %d ns
 705.423µs
took %d ns
 676.801µs
took %d ns
 625.506µs
took %d ns
 584.163µs
took %d ns
 648.12µs
took %d ns
 835.268µs
took %d ns
 711.252µs
took %d ns
 609.848µs
took %d ns
 611.211µs
took %d ns
 580.029µs
took %d ns
 716.951µs
took %d ns
 610.469µs
took %d ns
 652.885µs
took %d ns
 793.537µs
took %d ns
 638.054µs
took %d ns
 659.579µs
took %d ns
 633.66µs
took %d ns
 859.58µs
took %d ns
 781.971µs
took %d ns
 714.042µs
took %d ns
 586.289µs
took %d ns
 605.995µs
took %d ns
 612.574µs
took %d ns
 602.264µs
took %d ns
 633.265µs
took %d ns
 610.837µs
took %d ns
 548.992µs
took %d ns
 610.265µs
took %d ns
 358.629µs
took %d ns
 370.717µs
took %d ns
 432.953µs
took %d ns
 302.684µs
took %d ns
 338.877µs
took %d ns
 315.469µs
took %d ns
 308.423µs
took %d ns
 342.75µs
took %d ns
 319.251µs
took %d ns
 444.919µs
took %d ns
 589.635µs
took %d ns
 732.106µs
took %d ns
 1.06151ms
took %d ns
 637.348µs
took %d ns
 720.429µs
took %d ns
 673.451µs
took %d ns
 626.203µs
took %d ns
 607.222µs
took %d ns
 623.248µs
took %d ns
 644.96µs
took %d ns
 627.208µs
took %d ns
 664.861µs
took %d ns
 728.58µs
took %d ns
 634.262µs
took %d ns
 350.486µs
took %d ns
 514.495µs
took %d ns
 623.304µs
took %d ns
 758.095µs
took %d ns
 608.296µs
took %d ns
 585.226µs
took %d ns
 1.37818ms
took %d ns
 601.157µs
took %d ns
 588.749µs
took %d ns
 620.254µs
took %d ns
 610.56µs
took %d ns
 610.477µs
took %d ns
 670.849µs
took %d ns
 644.069µs
took %d ns
 740.619µs
took %d ns
 610.203µs
took %d ns
 634.157µs
took %d ns
 866.252µs
took %d ns
 769.295µs
took %d ns
 625.109µs
took %d ns
 583.111µs
took %d ns
 711.297µs
took %d ns
 592.018µs
took %d ns
 615.226µs
took %d ns
 662.583µs
took %d ns
 604.197µs
took %d ns
 638.44µs
took %d ns
 630.423µs
took %d ns
 655.617µs
took %d ns
 684.42µs
took %d ns
 716.24µs
took %d ns
 609.551µs
took %d ns
 665.037µs
took %d ns
 769.954µs
took %d ns
 645.128µs
took %d ns
 598.903µs
took %d ns
 632.426µs
took %d ns
 662.108µs
took %d ns
 618µs
took %d ns
 619.388µs
took %d ns
 605.834µs
took %d ns
 585.006µs
took %d ns
 652.982µs
took %d ns
 637.189µs
took %d ns
 592.381µs
took %d ns
 635.132µs
took %d ns
 583.091µs
took %d ns
 666.806µs
took %d ns
 683.347µs
took %d ns
 561.944µs
took %d ns
 609.494µs
took %d ns
 722.971µs
took %d ns
 663.36µs
took %d ns
 700.471µs
took %d ns
 691.931µs
took %d ns
 618.56µs
took %d ns
 591.226µs
took %d ns
 644.563µs
took %d ns
 1.045059ms
took %d ns
 788.257µs
took %d ns
 866.994µs
took %d ns
 756.397µs
took %d ns
 593.877µs
took %d ns
 585.12µs
took %d ns
 794.941µs
took %d ns
 662.631µs
took %d ns
 647.248µs
took %d ns
 663.938µs
took %d ns
 952.243µs
took %d ns
 643.684µs
took %d ns
 623.709µs
took %d ns
 637.501µs
took %d ns
 650.664µs
took %d ns
 650.928µs
took %d ns
 665.493µs
took %d ns
 630.267µs
took %d ns
 698.626µs
took %d ns
 674.182µs
took %d ns
 686.588µs
took %d ns
 891.83µs
took %d ns
 646.077µs
took %d ns
 654.469µs
took %d ns
 649.68µs
took %d ns
 632.845µs
took %d ns
 662.354µs
took %d ns
 663.768µs
took %d ns
 695.928µs
took %d ns
 645.36µs
took %d ns
 656.46µs
took %d ns
 636.457µs
took %d ns
 688.385µs
took %d ns
 615.421µs
took %d ns
 586.343µs
took %d ns
 644.905µs
took %d ns
 603.709µs
took %d ns
 832.6µs
took %d ns
 719.837µs
took %d ns
 628.091µs
took %d ns
 754.291µs
took %d ns
 655.255µs
took %d ns
 619.883µs
took %d ns
 600.512µs
took %d ns
 660.057µs
took %d ns
 610.132µs
took %d ns
 596.898µs
took %d ns
 646.293µs
took %d ns
 665.304µs
took %d ns
 618.892µs
took %d ns
 621.375µs
took %d ns
 623.214µs
took %d ns
 623.037µs
took %d ns
 593.325µs
took %d ns
 620.742µs
took %d ns
 634.416µs
took %d ns
 625.588µs
took %d ns
 640.424µs
took %d ns
 670.669µs
took %d ns
 607.666µs
took %d ns
 673.487µs
took %d ns
 642.394µs
took %d ns
 610.711µs
took %d ns
 695.34µs
took %d ns
 612.617µs
took %d ns
 691.274µs
took %d ns
 647.977µs
took %d ns
 583.211µs
took %d ns
 601.979µs
took %d ns
 593.174µs
took %d ns
 666.571µs
took %d ns
 649.74µs
took %d ns
 633.815µs
took %d ns
 597.869µs
took %d ns
 591.146µs
took %d ns
 613.171µs
took %d ns
 650.715µs
took %d ns
 698.485µs
took %d ns
 585.379µs
took %d ns
 608.62µs
took %d ns
 635.517µs
took %d ns
 794.086µs
took %d ns
 652.614µs
took %d ns
 732.48µs
took %d ns
 626.501µs
took %d ns
 1.10166ms
took %d ns
 749.546µs
took %d ns
 638.597µs
took %d ns
 586.883µs
took %d ns
 624.222µs
took %d ns
 619.357µs
took %d ns
 603.529µs
took %d ns
 595.217µs
took %d ns
 621.66µs
